C51 COMPILER V9.59.0.0   TIMERX                                                            12/18/2022 16:56:15 PAGE 1   


C51 COMPILER V9.59.0.0, COMPILATION OF MODULE TIMERX
OBJECT MODULE PLACED IN .\Objects\TIMERx.obj
COMPILER INVOKED BY: D:\MDK5\C51\BIN\C51.EXE TIMERx.c OPTIMIZE(8,SPEED) BROWSE DEBUG OBJECTEXTEND PRINT(.\Listings\TIMER
                    -x.lst) TABS(2) OBJECT(.\Objects\TIMERx.obj)

line level    source

   1          #include "TIMERx.h"//定时器函数头文件
   2          #define FOSC 11059200L
   3          
   4          #define T1MS (65536-FOSC/1000)      //1T模式***定时1000us（1ms）1
   5          //#define T1MS (65536-FOSC/12/1000) //12T模式**定时1000us（1ms）2
   6          
   7          //**************************************************************
   8          void TIM0_Init(void)//定时器0初始化函数
   9          {
  10   1          AUXR |= 0x80;                   //定时器0为1T模式 1
  11   1      //  AUXR &= 0x7f;                   //定时器0为12T模式 2
  12   1      
  13   1          TMOD = 0x00;                    //设置定时器为模式0(16位自动重装载)
  14   1        
  15   1          TL0 = T1MS*5;                     //初始化计时值(5ms)
  16   1          TH0 = T1MS*5 >> 8;
  17   1          TR0 = 1;                        //使能定时器0中断
  18   1          EA = 1;                        //定时器0开始计时
  19   1          ET0 = 1;                        //打开总中断
  20   1      }
  21          
  22          u16 TIM0_count;
  23          void timer0_isr() interrupt 1
  24          {
  25   1        TIM0_count++;
  26   1        if(TIM0_count>200)//时间：5ms*200=1s
  27   1        {
  28   2          TIM0_count=0;
  29   2          P00=~P00;
  30   2        }
  31   1      }
  32          
  33          
  34          //**************************************************************
  35          void TIM1_Init(void)//定时器1初始化函数
  36          {
  37   1          AUXR |= 0x40;                   //定时器1为1T模式 1
  38   1      //  AUXR &= 0xdf;                   //定时器1为12T模式 2
  39   1      
  40   1          TMOD = 0x00;                    //设置定时器为模式0(16位自动重装载)
  41   1          TL1 = T1MS*5;                     //初始化计时值(5ms)
  42   1          TH1 = T1MS*5 >> 8;
  43   1          TR1 = 1;                        //定时器1开始计时
  44   1          ET1 = 1;                        //使能定时器0中断
  45   1          EA = 1;                         //打开总中断
  46   1      }
  47          
  48          u16 TIM1_count;
  49          void timer1_isr() interrupt 3
  50          {
  51   1        TIM1_count++;
  52   1        if(TIM1_count>100)//时间：5ms*100=500ms
  53   1        {
  54   2          TIM1_count=0;
C51 COMPILER V9.59.0.0   TIMERX                                                            12/18/2022 16:56:15 PAGE 2   

  55   2          P01=~P01;
  56   2        } 
  57   1      }
  58          
  59          //**************************************************************
  60          void TIM2_Init(void)//定时器2初始化函数
  61          {
  62   1          AUXR |= 0x04;                   //定时器2为1T模式 1
  63   1      //  AUXR &= ~0x04;                  //定时器2为12T模式 2
  64   1        
  65   1          T2L = T1MS;                     //初始化计时值
  66   1          T2H = T1MS >> 8;
  67   1          AUXR |= 0x10;                   //定时器2开始计时
  68   1          
  69   1          IE2 |= 0x04;                    //开定时器2中断
  70   1          EA = 1;
  71   1      }
  72          
  73          //中断服务程序
  74          u16 TIM2_count;
  75          void timer2_isr() interrupt 12           //中断入口
  76          {
  77   1        TIM2_count++;
  78   1        if(TIM2_count>50)//时间：5ms*50=250ms
  79   1        {
  80   2          TIM2_count=0;
  81   2          P02=~P02;
  82   2        } 
  83   1        
  84   1      //  IE2 &= ~0x04;                   //若需要手动清除中断标志,可先关闭中断,此时系统会自动清除内部的中断标志
  85   1      //  IE2 |= 0x04;                    //然后再开中断即可
  86   1      }


MODULE INFORMATION:   STATIC OVERLAYABLE
   CODE SIZE        =    158    ----
   CONSTANT SIZE    =   ----    ----
   XDATA SIZE       =   ----    ----
   PDATA SIZE       =   ----    ----
   DATA SIZE        =      6    ----
   IDATA SIZE       =   ----    ----
   BIT SIZE         =   ----    ----
END OF MODULE INFORMATION.


C51 COMPILATION COMPLETE.  0 WARNING(S),  0 ERROR(S)
