C51 COMPILER V9.59.0.0   MAIN                                                              12/19/2022 22:48:43 PAGE 1   


C51 COMPILER V9.59.0.0, COMPILATION OF MODULE MAIN
OBJECT MODULE PLACED IN .\Objects\main.obj
COMPILER INVOKED BY: D:\MDK5\C51\BIN\C51.EXE main.c OPTIMIZE(8,SPEED) BROWSE DEBUG OBJECTEXTEND PRINT(.\Listings\main.ls
                    -t) TABS(2) OBJECT(.\Objects\main.obj)

line level    source

   1          #include <STC15F2K60S2.H>
   2          #include "delay.h"//延时函数头文件
   3          #include "smg.h"//数码管函数头文件
   4          #include "BYZ_48.h"//BYZ-48步进电机函数头文件
   5          
   6          
   7          void main()
   8          {
   9   1        P27=1;P26=0;P25=1;
  10   1        while(1)
  11   1        { 
  12   2          
  13   2          //实验1
  14   2      //    BYZ_48_MOTOR1(1,0);//以速度值1逆时针（速度值越小旋转越快）控制步进电机旋转
  15   2          
  16   2          //实验2
  17   2          BYZ_48_MOTOR2(180,1);//顺时针旋转180度
  18   2          Delay_ms(500);
  19   2          BYZ_48_MOTOR2(180,0);//逆时针旋转180度
  20   2          Delay_ms(500);
  21   2      
  22   2        }
  23   1      }


MODULE INFORMATION:   STATIC OVERLAYABLE
   CODE SIZE        =     44    ----
   CONSTANT SIZE    =   ----    ----
   XDATA SIZE       =   ----    ----
   PDATA SIZE       =   ----    ----
   DATA SIZE        =   ----    ----
   IDATA SIZE       =   ----    ----
   BIT SIZE         =   ----    ----
END OF MODULE INFORMATION.


C51 COMPILATION COMPLETE.  0 WARNING(S),  0 ERROR(S)
