C51 COMPILER V9.60.0.0   MAIN                                                              03/10/2023 20:18:31 PAGE 1   


C51 COMPILER V9.60.0.0, COMPILATION OF MODULE MAIN
OBJECT MODULE PLACED IN .\Objects\main.obj
COMPILER INVOKED BY: D:\Keil_v5\C51\BIN\C51.EXE main.c OPTIMIZE(8,SPEED) BROWSE DEBUG OBJECTEXTEND PRINT(.\Listings\main
                    -.lst) OBJECT(.\Objects\main.obj)

line level    source

   1          #include <STC15F2K60S2.h>
   2          #include "smg.h"//数码管函数头文件
   3          #include "time.h"//DS1302函数头文件
   4          
   5          
   6          void main()
   7          {
   8   1      //      Init_DS1302_Time();
   9   1      //      burst_Init_time();
  10   1              while(1)
  11   1              {
  12   2                      Read_DS1302_Time();//读取DS1302时间，刷新到数组Time[7]中
  13   2                      Display_2_WEI(1,Time[4]/16*10+Time[4]%16);//数码管显示时
  14   2                      Display_1_WEI(3,11,0);//数码管显示”-“
  15   2                      Display_2_WEI(4,Time[5]/16*10+Time[5]%16);//数码管显示分
  16   2                      Display_1_WEI(6,11,0);//数码管显示”-“
  17   2                      Display_2_WEI(7,Time[6]/16*10+Time[6]%16);//数码管显示秒
  18   2              }
  19   1      }


MODULE INFORMATION:   STATIC OVERLAYABLE
   CODE SIZE        =     86    ----
   CONSTANT SIZE    =   ----    ----
   XDATA SIZE       =   ----    ----
   PDATA SIZE       =   ----    ----
   DATA SIZE        =   ----    ----
   IDATA SIZE       =   ----    ----
   BIT SIZE         =   ----    ----
END OF MODULE INFORMATION.


C51 COMPILATION COMPLETE.  0 WARNING(S),  0 ERROR(S)
